error TS6305: Output file 'C:/building-future/devdash/src/main/index.d.ts' has not been built from source file 'C:/building-future/devdash/src/main/index.ts'.
  The file is in the program because:
    Matched by include pattern 'src' in 'C:/building-future/devdash/tsconfig.json'
error TS6305: Output file 'C:/building-future/devdash/src/main/ipcHandlers/dependencyHandlers.d.ts' has not been built from source file 'C:/building-future/devdash/src/main/ipcHandlers/dependencyHandlers.ts'.
  The file is in the program because:
    Matched by include pattern 'src' in 'C:/building-future/devdash/tsconfig.json'
error TS6305: Output file 'C:/building-future/devdash/src/main/ipcHandlers/dialogHandlers.d.ts' has not been built from source file 'C:/building-future/devdash/src/main/ipcHandlers/dialogHandlers.ts'.
  The file is in the program because:
    Matched by include pattern 'src' in 'C:/building-future/devdash/tsconfig.json'
error TS6305: Output file 'C:/building-future/devdash/src/main/ipcHandlers/gitHandlers.d.ts' has not been built from source file 'C:/building-future/devdash/src/main/ipcHandlers/gitHandlers.ts'.
  The file is in the program because:
    Matched by include pattern 'src' in 'C:/building-future/devdash/tsconfig.json'
error TS6305: Output file 'C:/building-future/devdash/src/main/ipcHandlers/groupHandlers.d.ts' has not been built from source file 'C:/building-future/devdash/src/main/ipcHandlers/groupHandlers.ts'.
  The file is in the program because:
    Matched by include pattern 'src' in 'C:/building-future/devdash/tsconfig.json'
error TS6305: Output file 'C:/building-future/devdash/src/main/ipcHandlers/projectHandlers.d.ts' has not been built from source file 'C:/building-future/devdash/src/main/ipcHandlers/projectHandlers.ts'.
  The file is in the program because:
    Matched by include pattern 'src' in 'C:/building-future/devdash/tsconfig.json'
error TS6305: Output file 'C:/building-future/devdash/src/main/ipcHandlers/settingsHandlers.d.ts' has not been built from source file 'C:/building-future/devdash/src/main/ipcHandlers/settingsHandlers.ts'.
  The file is in the program because:
    Matched by include pattern 'src' in 'C:/building-future/devdash/tsconfig.json'
error TS6305: Output file 'C:/building-future/devdash/src/main/ipcHandlers/shellHandlers.d.ts' has not been built from source file 'C:/building-future/devdash/src/main/ipcHandlers/shellHandlers.ts'.
  The file is in the program because:
    Matched by include pattern 'src' in 'C:/building-future/devdash/tsconfig.json'
error TS6305: Output file 'C:/building-future/devdash/src/main/ipcHandlers/workspaceHandlers.d.ts' has not been built from source file 'C:/building-future/devdash/src/main/ipcHandlers/workspaceHandlers.ts'.
  The file is in the program because:
    Matched by include pattern 'src' in 'C:/building-future/devdash/tsconfig.json'
error TS6305: Output file 'C:/building-future/devdash/src/preload/index.d.ts' has not been built from source file 'C:/building-future/devdash/src/preload/index.ts'.
  The file is in the program because:
    Matched by include pattern 'src' in 'C:/building-future/devdash/tsconfig.json'
error TS6305: Output file 'C:/building-future/devdash/src/types.d.ts' has not been built from source file 'C:/building-future/devdash/src/types.ts'.
  The file is in the program because:
    Matched by include pattern 'src' in 'C:/building-future/devdash/tsconfig.json'
